[    0.000000] Initializing cgroup subsys cpuset
[    0.000000] Initializing cgroup subsys cpu
[    0.000000] Initializing cgroup subsys cpuacct
[    0.000000] Linux version 4.4.0-186-generic (buildd@lcy01-amd64-002) (gcc version 5.4.0 20160609 (Ubuntu 5.4.0-6ubuntu1~16.04.12) ) #216-Ubuntu SMP Wed Jul 1 05:34:05 UTC 2020 (Ubuntu 4.4.0-186.216-generic 4.4.228)
[    0.000000] Command line: BOOT_IMAGE=/boot/vmlinuz-4.4.0-186-generic root=LABEL=cloudimg-rootfs ro console=tty1 console=ttyS0
[    0.000000] KERNEL supported cpus:
[    0.000000]   Intel GenuineIntel
[    0.000000]   AMD AuthenticAMD
[    0.000000]   Centaur CentaurHauls
[    0.000000] x86/fpu: xstate_offset[2]:  576, xstate_sizes[2]:  256
[    0.000000] x86/fpu: Supporting XSAVE feature 0x01: 'x87 floating point registers'
[    0.000000] x86/fpu: Supporting XSAVE feature 0x02: 'SSE registers'
[    0.000000] x86/fpu: Supporting XSAVE feature 0x04: 'AVX registers'
[    0.000000] x86/fpu: Enabled xstate features 0x7, context size is 832 bytes, using 'standard' format.
[    0.000000] e820: BIOS-provided physical RAM map:
[    0.000000] BIOS-e820: [mem 0x0000000000000000-0x000000000009fbff] usable
[    0.000000] BIOS-e820: [mem 0x000000000009fc00-0x000000000009ffff] reserved
[    0.000000] BIOS-e820: [mem 0x00000000000f0000-0x00000000000fffff] reserved
[    0.000000] BIOS-e820: [mem 0x0000000000100000-0x000000003ffeffff] usable
[    0.000000] BIOS-e820: [mem 0x000000003fff0000-0x000000003fffffff] ACPI data
[    0.000000] BIOS-e820: [mem 0x00000000fec00000-0x00000000fec00fff] reserved
[    0.000000] BIOS-e820: [mem 0x00000000fee00000-0x00000000fee00fff] reserved
[    0.000000] BIOS-e820: [mem 0x00000000fffc0000-0x00000000ffffffff] reserved
[    0.000000] NX (Execute Disable) protection: active
[    0.000000] SMBIOS 2.5 present.
[    0.000000] Hypervisor detected: KVM
[    0.000000] e820: last_pfn = 0x3fff0 max_arch_pfn = 0x400000000
[    0.000000] MTRR: Disabled
[    0.000000] x86/PAT: MTRRs disabled, skipping PAT initialization too.
[    0.000000] CPU MTRRs all blank - virtualized system.
[    0.000000] x86/PAT: Configuration [0-7]: WB  WT  UC- UC  WB  WT  UC- UC  
[    0.000000] found SMP MP-table at [mem 0x0009fff0-0x0009ffff] mapped at [ffff88000009fff0]
[    0.000000] Scanning 1 areas for low memory corruption
[    0.000000] RAMDISK: [mem 0x362e2000-0x37168fff]
[    0.000000] ACPI: Early table checksum verification disabled
[    0.000000] ACPI: RSDP 0x00000000000E0000 000024 (v02 VBOX  )
[    0.000000] ACPI: XSDT 0x000000003FFF0030 00003C (v01 VBOX   VBOXXSDT 00000001 ASL  00000061)
[    0.000000] ACPI: FACP 0x000000003FFF00F0 0000F4 (v04 VBOX   VBOXFACP 00000001 ASL  00000061)
[    0.000000] ACPI: DSDT 0x000000003FFF0470 002325 (v02 VBOX   VBOXBIOS 00000002 INTL 20100528)
[    0.000000] ACPI: FACS 0x000000003FFF0200 000040
[    0.000000] ACPI: FACS 0x000000003FFF0200 000040
[    0.000000] ACPI: APIC 0x000000003FFF0240 00005C (v02 VBOX   VBOXAPIC 00000001 ASL  00000061)
[    0.000000] ACPI: SSDT 0x000000003FFF02A0 0001CC (v01 VBOX   VBOXCPUT 00000002 INTL 20100528)
[    0.000000] No NUMA configuration found
[    0.000000] Faking a node at [mem 0x0000000000000000-0x000000003ffeffff]
[    0.000000] NODE_DATA(0) allocated [mem 0x3ffeb000-0x3ffeffff]
[    0.000000] kvm-clock: Using msrs 4b564d01 and 4b564d00
[    0.000000] kvm-clock: cpu 0, msr 0:3ffe3001, primary cpu clock
[    0.000000] kvm-clock: using sched offset of 5248097556 cycles
[    0.000000] clocksource: kvm-clock: mask: 0xffffffffffffffff max_cycles: 0x1cd42e4dffb, max_idle_ns: 881590591483 ns
[    0.000000] Zone ranges:
[    0.000000]   DMA      [mem 0x0000000000001000-0x0000000000ffffff]
[    0.000000]   DMA32    [mem 0x0000000001000000-0x000000003ffeffff]
[    0.000000]   Normal   empty
[    0.000000]   Device   empty
[    0.000000] Movable zone start for each node
[    0.000000] Early memory node ranges
[    0.000000]   node   0: [mem 0x0000000000001000-0x000000000009efff]
[    0.000000]   node   0: [mem 0x0000000000100000-0x000000003ffeffff]
[    0.000000] Initmem setup node 0 [mem 0x0000000000001000-0x000000003ffeffff]
[    0.000000] ACPI: PM-Timer IO Port: 0x4008
[    0.000000] IOAPIC[0]: apic_id 2, version 32, address 0xfec00000, GSI 0-23
[    0.000000] ACPI: INT_SRC_OVR (bus 0 bus_irq 0 global_irq 2 dfl dfl)
[    0.000000] ACPI: INT_SRC_OVR (bus 0 bus_irq 9 global_irq 9 low level)
[    0.000000] Using ACPI (MADT) for SMP configuration information
[    0.000000] smpboot: Allowing 2 CPUs, 0 hotplug CPUs
[    0.000000] PM: Registered nosave memory: [mem 0x00000000-0x00000fff]
[    0.000000] PM: Registered nosave memory: [mem 0x0009f000-0x0009ffff]
[    0.000000] PM: Registered nosave memory: [mem 0x000a0000-0x000effff]
[    0.000000] PM: Registered nosave memory: [mem 0x000f0000-0x000fffff]
[    0.000000] e820: [mem 0x40000000-0xfebfffff] available for PCI devices
[    0.000000] Booting paravirtualized kernel on KVM
[    0.000000] clocksource: refined-jiffies: mask: 0xffffffff max_cycles: 0xffffffff, max_idle_ns: 7645519600211568 ns
[    0.000000] setup_percpu: NR_CPUS:512 nr_cpumask_bits:512 nr_cpu_ids:2 nr_node_ids:1
[    0.000000] PERCPU: Embedded 33 pages/cpu @ffff88003fc00000 s95512 r8192 d31464 u1048576
[    0.000000] Built 1 zonelists in Node order, mobility grouping on.  Total pages: 257912
[    0.000000] Policy zone: DMA32
[    0.000000] Kernel command line: BOOT_IMAGE=/boot/vmlinuz-4.4.0-186-generic root=LABEL=cloudimg-rootfs ro console=tty1 console=ttyS0
[    0.000000] PID hash table entries: 4096 (order: 3, 32768 bytes)
[    0.000000] Memory: 997668K/1048120K available (8636K kernel code, 1337K rwdata, 4040K rodata, 1492K init, 1296K bss, 50452K reserved, 0K cma-reserved)
[    0.000000] SLUB: HWalign=64, Order=0-3, MinObjects=0, CPUs=2, Nodes=1
[    0.000000] Kernel/User page tables isolation: enabled
[    0.000000] Hierarchical RCU implementation.
[    0.000000] 	Build-time adjustment of leaf fanout to 64.
[    0.000000] 	RCU restricting CPUs from NR_CPUS=512 to nr_cpu_ids=2.
[    0.000000] RCU: Adjusting geometry for rcu_fanout_leaf=64, nr_cpu_ids=2
[    0.000000] NR_IRQS:33024 nr_irqs:440 16
[    0.000000] Console: colour VGA+ 80x25
[    0.000000] console [tty1] enabled
[    0.000000] console [ttyS0] enabled
[    0.000000] tsc: Detected 3407.998 MHz processor
[    0.216225] Calibrating delay loop (skipped) preset value.. 6815.99 BogoMIPS (lpj=13631992)
[    0.219187] pid_max: default: 32768 minimum: 301
[    0.220777] ACPI: Core revision 20150930
[    0.222874] ACPI: 2 ACPI AML tables successfully acquired and loaded
[    0.225234] Security Framework initialized
[    0.226679] Yama: becoming mindful.
[    0.227967] AppArmor: AppArmor initialized
[    0.229454] Dentry cache hash table entries: 131072 (order: 8, 1048576 bytes)
[    0.232949] Inode-cache hash table entries: 65536 (order: 7, 524288 bytes)
[    0.235289] Mount-cache hash table entries: 2048 (order: 2, 16384 bytes)
[    0.237622] Mountpoint-cache hash table entries: 2048 (order: 2, 16384 bytes)
[    0.240170] Initializing cgroup subsys io
[    0.241599] Initializing cgroup subsys memory
[    0.243172] Initializing cgroup subsys devices
[    0.244733] Initializing cgroup subsys freezer
[    0.246289] Initializing cgroup subsys net_cls
[    0.247869] Initializing cgroup subsys perf_event
[    0.249503] Initializing cgroup subsys net_prio
[    0.251168] Initializing cgroup subsys hugetlb
[    0.252730] Initializing cgroup subsys pids
[    0.255237] mce: CPU supports 0 MCE banks
[    0.256740] Last level iTLB entries: 4KB 128, 2MB 8, 4MB 8
[    0.258609] Last level dTLB entries: 4KB 64, 2MB 0, 4MB 0, 1GB 4
[    0.260663] Spectre V1 : Mitigation: usercopy/swapgs barriers and __user pointer sanitization
[    0.263672] Spectre V2 : Mitigation: Full generic retpoline
[    0.265570] Spectre V2 : Spectre v2 / SpectreRSB mitigation: Filling RSB on context switch
[    0.268425] Speculative Store Bypass: Vulnerable
[    0.270035] SRBDS: Unknown: Dependent on hypervisor status
[    0.272010] MDS: Mitigation: Clear CPU buffers
[    0.275877] Freeing SMP alternatives memory: 36K
[    0.282516] ftrace: allocating 32334 entries in 127 pages
[    0.333477] smpboot: APIC(0) Converting physical 0 to logical package 0
[    0.335812] smpboot: Max logical packages: 1
[    0.337518] x2apic enabled
[    0.338809] Switched APIC routing to physical x2apic.
[    0.341410] ..TIMER: vector=0x30 apic1=0 pin1=2 apic2=-1 pin2=-1
[    0.451725] smpboot: CPU0: Intel(R) Core(TM) i5-7500 CPU @ 3.40GHz (family: 0x6, model: 0x9e, stepping: 0x9)
[    0.455739] Performance Events: unsupported p6 CPU model 158 no PMU driver, software events only.
[    0.471115] KVM setup paravirtual spinlock
[    0.473501] x86: Booting SMP configuration:
[    0.475035] .... node  #0, CPUs:      #1
[    0.476897] kvm-clock: cpu 1, msr 0:3ffe3041, secondary cpu clock
[    0.480479] mce: CPU supports 0 MCE banks
[    0.483808] x86: Booted up 1 node, 2 CPUs
[    0.486493] smpboot: Total of 2 processors activated (13631.99 BogoMIPS)
[    0.490100] devtmpfs: initialized
[    0.493477] evm: security.selinux
[    0.494965] evm: security.SMACK64
[    0.496521] evm: security.SMACK64EXEC
[    0.497851] evm: security.SMACK64TRANSMUTE
[    0.499483] evm: security.SMACK64MMAP
[    0.501029] evm: security.ima
[    0.502195] evm: security.capability
[    0.503773] clocksource: jiffies: mask: 0xffffffff max_cycles: 0xffffffff, max_idle_ns: 7645041785100000 ns
[    0.507430] futex hash table entries: 512 (order: 3, 32768 bytes)
[    0.510099] pinctrl core: initialized pinctrl subsystem
[    0.512066] RTC time:  1:12:34, date: 08/12/20
[    0.514225] NET: Registered protocol family 16
[    0.526979] cpuidle: using governor ladder
[    0.538901] cpuidle: using governor menu
[    0.540979] PCCT header not found.
[    0.542697] ACPI: bus type PCI registered
[    0.544199] acpiphp: ACPI Hot Plug PCI Controller Driver version: 0.5
[    0.546475] PCI: Using configuration type 1 for base access
[    0.560304] ACPI: Added _OSI(Module Device)
[    0.561807] ACPI: Added _OSI(Processor Device)
[    0.563404] ACPI: Added _OSI(3.0 _SCP Extensions)
[    0.565032] ACPI: Added _OSI(Processor Aggregator Device)
[    0.567582] ACPI: Executed 1 blocks of module-level executable AML code
[    0.571689] ACPI: Interpreter enabled
[    0.573021] ACPI: (supports S0 S5)
[    0.574288] ACPI: Using IOAPIC for interrupt routing
[    0.576631] PCI: Using host bridge windows from ACPI; if necessary, use "pci=nocrs" and report a bug
[    0.583438] ACPI: PCI Root Bridge [PCI0] (domain 0000 [bus 00-ff])
[    0.585595] acpi PNP0A03:00: _OSC: OS supports [ASPM ClockPM Segments MSI]
[    0.588199] acpi PNP0A03:00: _OSC: not requesting OS control; OS requires [ExtendedConfig ASPM ClockPM MSI]
[    0.591640] acpi PNP0A03:00: fail to add MMCONFIG information, can't access extended PCI configuration space under this bridge.
[    0.595918] PCI host bridge to bus 0000:00
[    0.597367] pci_bus 0000:00: root bus resource [io  0x0000-0x0cf7 window]
[    0.599602] pci_bus 0000:00: root bus resource [io  0x0d00-0xffff window]
[    0.601845] pci_bus 0000:00: root bus resource [mem 0x000a0000-0x000bffff window]
[    0.604436] pci_bus 0000:00: root bus resource [mem 0x40000000-0xfdffffff window]
[    0.607105] pci_bus 0000:00: root bus resource [bus 00-ff]
[    0.611370] pci 0000:00:01.1: legacy IDE quirk: reg 0x10: [io  0x01f0-0x01f7]
[    0.613707] pci 0000:00:01.1: legacy IDE quirk: reg 0x14: [io  0x03f6]
[    0.616036] pci 0000:00:01.1: legacy IDE quirk: reg 0x18: [io  0x0170-0x0177]
[    0.625728] pci 0000:00:01.1: legacy IDE quirk: reg 0x1c: [io  0x0376]
[    0.641074] pci 0000:00:07.0: quirk: [io  0x4000-0x403f] claimed by PIIX4 ACPI
[    0.643780] pci 0000:00:07.0: quirk: [io  0x4100-0x410f] claimed by PIIX4 SMB
[    0.654173] ACPI: PCI Interrupt Link [LNKA] (IRQs 5 9 10 *11)
[    0.657568] ACPI: PCI Interrupt Link [LNKB] (IRQs 5 9 *10 11)
[    0.660325] ACPI: PCI Interrupt Link [LNKC] (IRQs 5 *9 10 11)
[    0.663087] ACPI: PCI Interrupt Link [LNKD] (IRQs 5 9 10 *11)
[    0.666001] ACPI: Enabled 2 GPEs in block 00 to 07
[    0.668282] vgaarb: setting as boot device: PCI:0000:00:02.0
[    0.670203] vgaarb: device added: PCI:0000:00:02.0,decodes=io+mem,owns=io+mem,locks=none
[    0.673056] vgaarb: loaded
[    0.674094] vgaarb: bridge control possible 0000:00:02.0
[    0.676142] SCSI subsystem initialized
[    0.677758] ACPI: bus type USB registered
[    0.679239] usbcore: registered new interface driver usbfs
[    0.681116] usbcore: registered new interface driver hub
[    0.682987] usbcore: registered new device driver usb
[    0.685109] PCI: Using ACPI for IRQ routing
[    0.688029] NetLabel: Initializing
[    0.689318] NetLabel:  domain hash size = 128
[    0.690874] NetLabel:  protocols = UNLABELED CIPSOv4
[    0.692594] NetLabel:  unlabeled traffic allowed by default
[    0.694763] amd_nb: Cannot enumerate AMD northbridges
[    0.696610] clocksource: Switched to clocksource kvm-clock
[    0.704802] AppArmor: AppArmor Filesystem Enabled
[    0.706551] pnp: PnP ACPI init
[    0.708690] pnp: PnP ACPI: found 3 devices
[    0.720293] clocksource: acpi_pm: mask: 0xffffff max_cycles: 0xffffff, max_idle_ns: 2085701024 ns
[    0.723366] NET: Registered protocol family 2
[    0.725047] TCP established hash table entries: 8192 (order: 4, 65536 bytes)
[    0.727372] TCP bind hash table entries: 8192 (order: 5, 131072 bytes)
[    0.729607] TCP: Hash tables configured (established 8192 bind 8192)
[    0.731726] UDP hash table entries: 512 (order: 2, 16384 bytes)
[    0.733711] UDP-Lite hash table entries: 512 (order: 2, 16384 bytes)
[    0.735832] NET: Registered protocol family 1
[    0.737393] pci 0000:00:00.0: Limiting direct PCI/PCI transfers
[    0.739391] pci 0000:00:01.0: Activating ISA DMA hang workarounds
[    0.741584] Unpacking initramfs...
[    0.935429] Freeing initrd memory: 14876K
[    0.937180] clocksource: tsc: mask: 0xffffffffffffffff max_cycles: 0x311fd208cfc, max_idle_ns: 440795283699 ns
[    0.940662] platform rtc_cmos: registered platform RTC device (no PNP device found)
[    0.943349] Scanning for low memory corruption every 60 seconds
[    0.945856] audit: initializing netlink subsys (disabled)
[    0.947737] audit: type=2000 audit(1597194761.871:1): initialized
[    0.950009] Initialise system trusted keyring
[    0.951818] HugeTLB registered 2 MB page size, pre-allocated 0 pages
[    0.954983] zbud: loaded
[    0.956412] VFS: Disk quotas dquot_6.6.0
[    0.957988] VFS: Dquot-cache hash table entries: 512 (order 0, 4096 bytes)
[    0.960436] squashfs: version 4.0 (2009/01/31) Phillip Lougher
[    0.962843] fuse init (API version 7.23)
[    0.964478] Key type big_key registered
[    0.965979] Allocating IMA MOK and blacklist keyrings.
[    0.970404] Key type asymmetric registered
[    0.971866] Asymmetric key parser 'x509' registered
[    0.973564] Block layer SCSI generic (bsg) driver version 0.4 loaded (major 249)
[    0.976246] io scheduler noop registered
[    0.977796] io scheduler deadline registered (default)
[    0.979577] io scheduler cfq registered
[    0.981118] pci_hotplug: PCI Hot Plug PCI Core version: 0.5
[    0.983013] pciehp: PCI Express Hot Plug Controller Driver version: 0.4
[    0.985565] ACPI: AC Adapter [AC] (on-line)
[    0.987123] input: Power Button as /devices/LNXSYSTM:00/LNXPWRBN:00/input/input0
[    0.989751] ACPI: Power Button [PWRF]
[    0.991160] input: Sleep Button as /devices/LNXSYSTM:00/LNXSLPBN:00/input/input1
[    0.993829] ACPI: Sleep Button [SLPF]
[    0.995420] GHES: HEST is not enabled!
[    0.997177] Serial: 8250/16550 driver, 32 ports, IRQ sharing enabled
[    1.019878] 00:02: ttyS0 at I/O 0x3f8 (irq = 4, base_baud = 115200) is a 16550A
[    1.026736] Linux agpgart interface v0.103
[    1.029911] loop: module loaded
[    1.031630] scsi host0: ata_piix
[    1.033119] scsi host1: ata_piix
[    1.034366] ata1: PATA max UDMA/33 cmd 0x1f0 ctl 0x3f6 bmdma 0xd000 irq 14
[    1.036659] ata2: PATA max UDMA/33 cmd 0x170 ctl 0x376 bmdma 0xd008 irq 15
[    1.039096] libphy: Fixed MDIO Bus: probed
[    1.040589] tun: Universal TUN/TAP device driver, 1.6
[    1.042343] tun: (C) 1999-2004 Max Krasnyansky <maxk@qualcomm.com>
[    1.044577] PPP generic driver version 2.4.2
[    1.046361] ehci_hcd: USB 2.0 'Enhanced' Host Controller (EHCI) Driver
[    1.048554] ehci-pci: EHCI PCI platform driver
[    1.050190] ehci-platform: EHCI generic platform driver
[    1.052004] ohci_hcd: USB 1.1 'Open' Host Controller (OHCI) Driver
[    1.054170] ohci-pci: OHCI PCI platform driver
[    1.055794] ohci-platform: OHCI generic platform driver
[    1.057681] uhci_hcd: USB Universal Host Controller Interface driver
[    1.059847] i8042: PNP: PS/2 Controller [PNP0303:PS2K,PNP0f03:PS2M] at 0x60,0x64 irq 1,12
[    1.063037] serio: i8042 KBD port at 0x60,0x64 irq 1
[    1.064761] serio: i8042 AUX port at 0x60,0x64 irq 12
[    1.066941] mousedev: PS/2 mouse device common for all mice
[    1.069313] input: AT Translated Set 2 keyboard as /devices/platform/i8042/serio0/input/input2
[    1.072921] rtc_cmos rtc_cmos: rtc core: registered rtc_cmos as rtc0
[    1.075106] rtc_cmos rtc_cmos: alarms up to one day, 114 bytes nvram
[    1.077378] i2c /dev entries driver
[    1.078705] device-mapper: uevent: version 1.0.3
[    1.080436] device-mapper: ioctl: 4.34.0-ioctl (2015-10-28) initialised: dm-devel@redhat.com
[    1.083512] ledtrig-cpu: registered to indicate activity on CPUs
[    1.086663] NET: Registered protocol family 10
[    1.088517] NET: Registered protocol family 17
[    1.090146] Key type dns_resolver registered
[    1.092424] registered taskstats version 1
[    1.094007] Loading compiled-in X.509 certificates
[    1.096119] Loaded X.509 cert 'Build time autogenerated kernel key: cef5e81496c0efa51b848ab539e845ddf31c08be'
[    1.099484] zswap: loaded using pool lzo/zbud
[    1.103223] Key type trusted registered
[    1.108536] Key type encrypted registered
[    1.109976] AppArmor: AppArmor sha1 policy hashing enabled
[    1.111834] ima: No TPM chip found, activating TPM-bypass!
[    1.113727] ima: Allocated hash algorithm: sha1
[    1.115313] evm: HMAC attrs: 0x1
[    1.116984]   Magic number: 0:185:205
[    1.118423] rtc_cmos rtc_cmos: setting system clock to 2020-08-12 01:12:35 UTC (1597194755)
[    1.121481] BIOS EDD facility v0.16 2004-Jun-25, 0 devices found
[    1.123530] EDD information not available.
[    1.216861] Freeing unused kernel memory: 1492K
[    1.218485] Write protecting the kernel read-only data: 14336k
[    1.220920] Freeing unused kernel memory: 1592K
[    1.222693] Freeing unused kernel memory: 56K
Loading, please wait...
starting version 229
[    1.236927] random: systemd-udevd: uninitialized urandom read (16 bytes read, 3 bits of entropy available)
[    1.238201] random: udevadm: uninitialized urandom read (16 bytes read, 3 bits of entropy available)
[    1.238249] random: udevadm: uninitialized urandom read (16 bytes read, 3 bits of entropy available)
[    1.246717] random: systemd-udevd: uninitialized urandom read (16 bytes read, 3 bits of entropy available)
[    1.250065] random: systemd-udevd: uninitialized urandom read (16 bytes read, 3 bits of entropy available)
[    1.253170] random: udevadm: uninitialized urandom read (16 bytes read, 3 bits of entropy available)
[    1.253208] random: udevadm: uninitialized urandom read (16 bytes read, 3 bits of entropy available)
[    1.253315] random: udevadm: uninitialized urandom read (16 bytes read, 3 bits of entropy available)
[    1.253354] random: udevadm: uninitialized urandom read (16 bytes read, 3 bits of entropy available)
[    1.253392] random: udevadm: uninitialized urandom read (16 bytes read, 3 bits of entropy available)
[    1.294251] e1000: Intel(R) PRO/1000 Network Driver - version 7.3.21-k8-NAPI
[    1.296826] e1000: Copyright (c) 1999-2006 Intel Corporation.
[    1.299861] Fusion MPT base driver 3.04.20
[    1.301425] Copyright (c) 1999-2008 LSI Corporation
[    1.306203] Fusion MPT SPI Host driver 3.04.20
[    1.322550] AVX2 version of gcm_enc/dec engaged.
[    1.324311] AES CTR mode by8 optimization enabled
[    1.549392] input: ImExPS/2 Generic Explorer Mouse as /devices/platform/i8042/serio1/input/input4
[    1.751276] e1000 0000:00:03.0 eth0: (PCI:33MHz:32-bit) 02:d4:60:56:24:74
[    1.753677] e1000 0000:00:03.0 eth0: Intel(R) PRO/1000 Network Connection
[    1.756812] mptbase: ioc0: Initiating bringup
[    2.680835] ioc0: LSI53C1030 A0: Capabilities={Initiator}
[    4.901730] scsi host2: ioc0: LSI53C1030 A0, FwRev=00000000h, Ports=1, MaxQ=256, IRQ=20
[    6.743643] scsi 2:0:0:0: Direct-Access     VBOX     HARDDISK         1.0  PQ: 0 ANSI: 5
[    6.746460] scsi target2:0:0: Beginning Domain Validation
[    6.751633] scsi target2:0:0: Domain Validation skipping write tests
[    6.753689] scsi target2:0:0: Ending Domain Validation
[    6.755453] scsi target2:0:0: asynchronous
[    6.757838] scsi 2:0:1:0: Direct-Access     VBOX     HARDDISK         1.0  PQ: 0 ANSI: 5
[    6.760450] scsi target2:0:1: Beginning Domain Validation
[    6.763868] scsi target2:0:1: Domain Validation skipping write tests
[    6.766171] scsi target2:0:1: Ending Domain Validation
[    6.767937] scsi target2:0:1: asynchronous
[    6.789129] sd 2:0:0:0: Attached scsi generic sg0 type 0
[    6.799089] sd 2:0:0:0: [sda] 20971520 512-byte logical blocks: (10.7 GB/10.0 GiB)
[    6.802117] sd 2:0:0:0: [sda] Write Protect is off
[    6.803919] sd 2:0:1:0: [sdb] 20480 512-byte logical blocks: (10.5 MB/10.0 MiB)
[    6.806650] sd 2:0:0:0: [sda] Incomplete mode parameter data
[    6.808545] sd 2:0:0:0: [sda] Assuming drive cache: write through
[    6.810634] sd 2:0:1:0: Attached scsi generic sg1 type 0
[    6.812405] sd 2:0:1:0: [sdb] Write Protect is off
[    6.814494] sd 2:0:1:0: [sdb] Incomplete mode parameter data
[    6.816373] sd 2:0:1:0: [sdb] Assuming drive cache: write through
[    6.823119]  sda: sda1
[    6.825693] sd 2:0:0:0: [sda] Attached SCSI disk
[    6.831383] sd 2:0:1:0: [sdb] Attached SCSI disk
[    7.755165] e1000 0000:00:08.0 eth1: (PCI:33MHz:32-bit) 08:00:27:c7:8c:d5
[    7.757439] e1000 0000:00:08.0 eth1: Intel(R) PRO/1000 Network Connection
[    7.761065] e1000 0000:00:08.0 enp0s8: renamed from eth1
[    7.777799] e1000 0000:00:03.0 enp0s3: renamed from eth0
Begin: Loading essential drivers ... [    9.172833] md: linear personality registered for level -1
[    9.177292] md: multipath personality registered for level -4
[    9.181581] md: raid0 personality registered for level 0
[    9.187189] md: raid1 personality registered for level 1
[    9.260795] raid6: sse2x1   gen() 13006 MB/s
[    9.328730] raid6: sse2x1   xor()  8740 MB/s
[    9.400755] raid6: sse2x2   gen() 17328 MB/s
[    9.470692] raid6: sse2x2   xor() 11456 MB/s
[    9.540767] raid6: sse2x4   gen() 20013 MB/s
[    9.610777] raid6: sse2x4   xor() 11954 MB/s
[    9.680724] raid6: avx2x1   gen() 24495 MB/s
[    9.749574] raid6: avx2x2   gen() 30252 MB/s
[    9.820749] raid6: avx2x4   gen() 35291 MB/s
[    9.822202] raid6: using algorithm avx2x4 gen() 35291 MB/s
[    9.823948] raid6: using avx2x2 recovery algorithm
[    9.826788] xor: automatically using best checksumming function:
[    9.868865]    avx       : 29267.000 MB/sec
[    9.871038] async_tx: api initialized (async)
[    9.879127] md: raid6 personality registered for level 6
[    9.881007] md: raid5 personality registered for level 5
[    9.882765] md: raid4 personality registered for level 4
[    9.890826] md: raid10 personality registered for level 10
done.
Begin: Running /scripts/init-premount ... done.
Begin: Mounting root file system ... Begin: Running /scripts/local-top ... done.
Begin: Running /scripts/local-premount ... [    9.918427] Btrfs loaded
Scanning for Btrfs filesystems
done.
Warning: fsck not present, so skipping root file system
[    9.997858] EXT4-fs (sda1): mounted filesystem with ordered data mode. Opts: (null)
done.
Begin: Running /scripts/local-bottom ... done.
Begin: Running /scripts/init-bottom ... done.
[   10.455117] systemd[1]: systemd 229 running in system mode. (+PAM +AUDIT +SELINUX +IMA +APPARMOR +SMACK +SYSVINIT +UTMP +LIBCRYPTSETUP +GCRYPT +GNUTLS +ACL +XZ -LZ4 +SECCOMP +BLKID +ELFUTILS +KMOD -IDN)
[   10.462386] systemd[1]: Detected virtualization oracle.
[   10.464492] systemd[1]: Detected architecture x86-64.

Welcome to [1mUbuntu 16.04.6 LTS[0m!

[   10.491659] systemd[1]: Set hostname to <ubuntu>.
[   10.511445] systemd[1]: Initializing machine ID from random generator.
[   10.513994] systemd[1]: Installed transient /etc/machine-id file.
[   10.980186] systemd[1]: Reached target User and Group Name Lookups.
[[0;32m  OK  [0m] Reached target User and Group Name Lookups.
[   10.983244] systemd[1]: Reached target Swap.
[[0;32m  OK  [0m] Reached target Swap.
[   10.992822] systemd[1]: Reached target System Time Synchronized.
[[0;32m  OK  [0m] Reached target System Time Synchronized.
[   11.001468] systemd[1]: Started Trigger resolvconf update for networkd DNS.
[[0;32m  OK  [0m] Started Trigger resolvconf update for networkd DNS.
[   11.013513] systemd[1]: Created slice User and Session Slice.
[[0;32m  OK  [0m] Created slice User and Session Slice.
[   11.024920] systemd[1]: Listening on Journal Audit Socket.
[[0;32m  OK  [0m] Listening on Journal Audit Socket.
[   11.033509] systemd[1]: Listening on udev Control Socket.
[[0;32m  OK  [0m] Listening on udev Control Socket.
[   11.040828] systemd[1]: Reached target Encrypted Volumes.
[[0;32m  OK  [0m] Reached target Encrypted Volumes.
[   11.043725] systemd[1]: Listening on Journal Socket (/dev/log).
[[0;32m  OK  [0m] Listening on Journal Socket (/dev/log).
[   11.053663] systemd[1]: Set up automount Arbitrary Executable File Formats File System Automount Point.
[[0;32m  OK  [0m] Set up automount Arbitrary Executab...ats File System Automount Point.
[   11.064868] systemd[1]: Listening on Journal Socket.
[[0;32m  OK  [0m] Listening on Journal Socket.
[   11.072882] systemd[1]: Listening on LVM2 metadata daemon socket.
[[0;32m  OK  [0m] Listening on LVM2 metadata daemon socket.
[   11.081487] systemd[1]: Listening on Device-mapper event daemon FIFOs.
[[0;32m  OK  [0m] Listening on Device-mapper event daemon FIFOs.
[   11.093478] systemd[1]: Listening on udev Kernel Socket.
[[0;32m  OK  [0m] Listening on udev Kernel Socket.
[   11.100772] systemd[1]: Listening on /dev/initctl Compatibility Named Pipe.
[[0;32m  OK  [0m] Listening on /dev/initctl Compatibility Named Pipe.
[   11.109278] systemd[1]: Started Forward Password Requests to Wall Directory Watch.
[[0;32m  OK  [0m] Started Forward Password Requests to Wall Directory Watch.
[   11.121069] systemd[1]: Listening on LVM2 poll daemon socket.
[[0;32m  OK  [0m] Listening on LVM2 poll daemon socket.
[   11.129407] systemd[1]: Listening on Syslog Socket.
[[0;32m  OK  [0m] Listening on Syslog Socket.
[   11.131901] systemd[1]: Created slice System Slice.
[[0;32m  OK  [0m] Created slice System Slice.
[   11.145012] systemd[1]: Mounting Huge Pages File System...
         Mounting Huge Pages File System...
[   11.153570] systemd[1]: Mounting POSIX Message Queue File System...
         Mounting POSIX Message Queue File System...
[   11.161579] systemd[1]: Created slice system-serial\x2dgetty.slice.
[[0;32m  OK  [0m] Created slice system-serial\x2dgetty.slice.
[   11.169816] systemd[1]: Starting Nameserver information manager...
         Starting Nameserver information manager...
[   11.172638] systemd[1]: Reached target Slices.
[[0;32m  OK  [0m] Reached target Slices.
[   11.185166] systemd[1]: Starting Set console keymap...
         Starting Set console keymap...
[   11.193455] systemd[1]: Starting Monitoring of LVM2 mirrors, snapshots etc. using dmeventd or progress polling...
         Starting Monitoring of LVM2 mirrors... dmeventd or progress polling...
[   11.199232] systemd[1]: Starting Create list of required static device nodes for the current kernel...
         Starting Create list of required st... nodes for the current kernel...
[   11.209630] systemd[1]: Starting Remount Root and Kernel File Systems...
         Starting Remount Root and Kernel File Systems...
[   11.221739] systemd[1]: Starting Journal Service...
         Starting Journal Service...
[   11.224646] EXT4-fs (sda1): re-mounted. Opts: (null)
[   11.229684] systemd[1]: Mounting Debug File System...
         Mounting Debug File System...
[   11.247341] systemd[1]: Starting Load Kernel Modules...
         Starting Load Kernel Modules...
[   11.257922] systemd[1]: Starting Uncomplicated firewall...
         Starting Uncomplicated firewall...
[   11.263324] systemd[1]: Mounted Debug File System.
[[0;32m  OK  [0m] Mounted Debug File System.
[   11.265928] systemd[1]: Mounted POSIX Message Queue File System.
[[0;32m  OK  [0m] Mounted POSIX Message Queue File System.
[   11.276904] systemd[1]: Mounted Huge Pages File System.
[[0;32m  OK  [0m] Mounted Huge Pages File System.
[   11.297408] systemd[1]: Started Set console keymap.
[[0;32m  OK  [0m] Started Set console keymap.
[   11.300979] Loading iSCSI transport class v2.0-870.
[   11.307208] systemd[1]: Started Create list of required static device nodes for the current kernel.
[[0;32m  OK  [0m] Started Create list of required sta...ce nodes for the current kernel.
[   11.313530] systemd[1]: Started Remount Root and Kernel File Systems.
[[0;32m  OK  [0m] Started Remount Root and Kernel File Systems.
[   11.321835] iscsi: registered transport (tcp)
[   11.325718] systemd[1]: Started Uncomplicated firewall.
[[0;32m  OK  [0m] Started Uncomplicated firewall.
[   11.341155] systemd[1]: Started Nameserver information manager.
[[0;32m  OK  [0m] Started Nameserver information manager.
[   11.347005] systemd[1]: Started Journal Service.
[[0;32m  OK  [0m] Started Journal Service.
[[0;32m  OK  [0m] Started LVM2 metadata daemon.
         Starting Load/Save Random Seed...
         Starting Flush Journal to Persistent Storage...
         Starting udev Coldplug all Devices...
         Starting Create Static Device Nodes in /dev...
[[0;32m  OK  [0m] Started Load/Save Random Seed.
[   11.390693] iscsi: registered transport (iser)
[[0;32m  OK  [0m] Started Load Kernel Modules.
         Starting Apply Kernel Variables...
         Mounting FUSE Control File System...
[   11.420074] systemd-journald[388]: Received request to flush runtime journal from PID 1
[[0;32m  OK  [0m] Mounted FUSE Control File System.
[[0;32m  OK  [0m] Started Flush Journal to Persistent Storage.
[[0;32m  OK  [0m] Started udev Coldplug all Devices.
[[0;32m  OK  [0m] Started Apply Kernel Variables.
[[0;32m  OK  [0m] Started Create Static Device Nodes in /dev.
         Starting udev Kernel Device Manager...
[[0;32m  OK  [0m] Started Monitoring of LVM2 mirrors,...ng dmeventd or progress polling.
[[0;32m  OK  [0m] Reached target Local File Systems (Pre).
[[0;32m  OK  [0m] Reached target Local File Systems.
         Starting Commit a transient machine-id on disk...
         Starting Tell Plymouth To Write Out Runtime Data...
         Starting Set console font and keymap...
         Starting LSB: AppArmor initialization...
         Starting Initial cloud-init job (pre-networking)...
         Starting Create Volatile Files and Directories...
[[0;32m  OK  [0m] Started Tell Plymouth To Write Out Runtime Data.
[[0;32m  OK  [0m] Started Commit a transient machine-id on disk.
[[0;32m  OK  [0m] Started Create Volatile Files and Directories.
         Starting Update UTMP about System Boot/Shutdown...
[[0;32m  OK  [0m] Started Update UTMP about System Boot/Shutdown.
[[0;32m  OK  [0m] Started udev Kernel Device Manager.
[[0;32m  OK  [0m] Started Dispatch Password Requests to Console Directory Watch.
[[0;32m  OK  [0m] Found device /dev/ttyS0.
[[0;32m  OK  [0m] Listening on Load/Save RF Kill Switch Status /dev/rfkill Watch.
[[0;32m  OK  [0m] Started LSB: AppArmor initialization.
         Starting Load AppArmor profiles managed internally by snapd...
[[0;32m  OK  [0m] Started Load AppArmor profiles managed internally by snapd.
[[0;32m  OK  [0m] Started Set console font and keymap.
[[0;32m  OK  [0m] Created slice system-getty.slice.
[   13.598366] cloud-init[474]: Cloud-init v. 20.2-45-g5f7825e2-0ubuntu1~16.04.1 running 'init-local' at Wed, 12 Aug 2020 01:12:47 +0000. Up 13.25 seconds.
[[0;32m  OK  [0m] Started Initial cloud-init job (pre-networking).
[[0;32m  OK  [0m] Reached target Network (Pre).
         Starting Raise network interfaces...
[[0;32m  OK  [0m] Started Raise network interfaces.
         Starting Initial cloud-init job (metadata service crawler)...
[[0;32m  OK  [0m] Reached target Network.
[   14.838796] cloud-init[964]: Cloud-init v. 20.2-45-g5f7825e2-0ubuntu1~16.04.1 running 'init' at Wed, 12 Aug 2020 01:12:48 +0000. Up 14.12 seconds.
[   14.840274] cloud-init[964]: ci-info: ++++++++++++++++++++++++++++++++++++++Net device info+++++++++++++++++++++++++++++++++++++++
[   14.858220] cloud-init[964]: ci-info: +--------+-------+----------------------------+---------------+--------+-------------------+
[   14.867283] cloud-init[964]: ci-info: | Device |   Up  |          Address           |      Mask     | Scope  |     Hw-Address    |
[[0;32m  OK  [0m] Started Initial cloud-init job (metadata service crawler).
[[0;32m  OK  [0m] Reached target Cloud-config availability.
[[0;32m  OK  [0m] Reached target System Initialization.
[[0;32m  OK  [0m] Started Message of the Day.
[[0;32m  OK  [0m] Listening on D-Bus System Message Bus Socket.
[[0;32m  OK  [0m] Started Daily Cleanup of Temporary Directories.
[   14.882483] cloud-init[964]: ci-info: +--------+-------+----------------------------+---------------+--------+-------------------+
[   14.932498] cloud-init[964]: ci-info: | enp0s3 |  True |         10.0.2.15          | 255.255.255.0 | global | 02:d4:60:56:24:74 |
[   14.940864] cloud-init[964]: ci-info: | enp0s3 |  True | fe80::d4:60ff:fe56:2474/64 |       .       |  link  | 02:d4:60:56:24:74 |
[[0;32m  OK  [0m] Listening on ACPID Listen Socket.
[   14.951285] cloud-init[964]: ci-info: | enp0s8 | False |             .              |       .       |   .    | 08:00:27:c7:8c:d5 |
[   14.964942] cloud-init[964]: ci-info: |   lo   |  True |         127.0.0.1          |   255.0.0.0   |  host  |         .         |
[   14.972874] cloud-init[964]: ci-info: |   lo   |  True |          ::1/128           |       .       |  host  |         .         |
[   14.974068] cloud-init[964]: ci-info: +--------+-------+----------------------------+---------------+--------+-------------------+
         Starting LXD - unix socket.
[   14.983078] cloud-init[964]: ci-info: +++++++++++++++++++++++++++Route IPv4 info++++++++++++++++++++++++++++
[   14.996849] cloud-init[964]: ci-info: +-------+-------------+----------+---------------+-----------+-------+
[   14.998236] cloud-init[964]: ci-info: | Route | Destination | Gateway  |    Genmask    | Interface | Flags |
[   15.004641] cloud-init[964]: ci-info: +-------+-------------+----------+---------------+-----------+-------+
[   15.012913] cloud-init[964]: ci-info: |   0   |   0.0.0.0   | 10.0.2.2 |    0.0.0.0    |   enp0s3  |   UG  |
[[0;32m  OK  [0m] Started ACPI Events Check.
[[0;32m  OK  [0m] Reached target Paths.
         Starting Socket activation for snappy daemon.
[[0;32m  OK  [0m] Started Daily apt download activities.
[   15.023661] cloud-init[964]: ci-info: |   1   |   10.0.2.0  | 0.0.0.0  | 255.255.255.0 |   enp0s3  |   U   |
[   15.052662] cloud-init[964]: ci-info: +-------+-------------+----------+---------------+-----------+-------+
[   15.053764] cloud-init[964]: ci-info: +++++++++++++++++++Route IPv6 info+++++++++++++++++++
[   15.060772] cloud-init[964]: ci-info: +-------+-------------+---------+-----------+-------+
[   15.061897] cloud-init[964]: ci-info: | Route | Destination | Gateway | Interface | Flags |
[   15.062830] cloud-init[964]: ci-info: +-------+-------------+---------+-----------+-------+
[   15.068752] cloud-init[964]: ci-info: |   0   |  fe80::/64  |    ::   |   enp0s3  |   U   |
[   15.076788] cloud-init[964]: ci-info: |   3   |   ff00::/8  |    ::   |   enp0s3  |   U   |
[[0;32m  OK  [0m] Started Daily apt upgrade and clean activities.
[   15.087273] cloud-init[964]: ci-info: +-------+-------------+---------+-----------+-------+
[   15.088201] cloud-init[964]: Generating public/private rsa key pair.
[   15.088453] cloud-init[964]: Your identification has been saved in /etc/ssh/ssh_host_rsa_key.
[   15.088522] cloud-init[964]: Your public key has been saved in /etc/ssh/ssh_host_rsa_key.pub.
[   15.088654] cloud-init[964]: The key fingerprint is:
[   15.088847] cloud-init[964]: SHA256:Xl27ZmEmkerRadQc+6h+30K8DZRdA9WbFTi9QyeOeo4 root@ubuntu-xenial
[   15.088896] cloud-init[964]: The key's randomart image is:
[   15.088947] cloud-init[964]: +---[RSA 2048]----+
[   15.089039] cloud-init[964]: |             .*oo|
[   15.089178] cloud-init[964]: |             *.*=|
[   15.089296] cloud-init[964]: |            +oB+O|
[   15.089480] cloud-init[964]: |           =.++O.|
[   15.089563] cloud-init[964]: |        S +.*o* o|
[   15.089669] cloud-init[964]: |       . o.o.=+o |
[   15.089777] cloud-init[964]: |        . .+..++ |
[   15.089960] cloud-init[964]: |          E..o+ o|
[   15.090079] cloud-init[964]: |            .. oo|
[   15.090184] cloud-init[964]: +----[SHA256]-----+
[   15.090330] cloud-init[964]: Generating public/private dsa key pair.
[   15.090438] cloud-init[964]: Your identification has been saved in /etc/ssh/ssh_host_dsa_key.
[   15.090541] cloud-init[964]: Your public key has been saved in /etc/ssh/ssh_host_dsa_key.pub.
[   15.090648] cloud-init[964]: The key fingerprint is:
[   15.090715] cloud-init[964]: SHA256:1C/0imgHo0UWc5/ZCRBkmule+dAiDSNVILEub6Y7GOo root@ubuntu-xenial
[   15.090795] cloud-init[964]: The key's randomart image is:
[   15.090943] cloud-init[964]: +---[DSA 1024]----+
[   15.091070] cloud-init[964]: |    o.=+Bo.      |
[   15.091285] cloud-init[964]: |     + O o = .   |
[   15.091418] cloud-init[964]: |    o O . * o    |
[   15.091503] cloud-init[964]: |   . = = + o     |
[   15.091643] cloud-init[964]: |  . . * S o o    |
[   15.091749] cloud-init[964]: |.  o + * = o     |
[[0;32m  OK  [0m] Reached target Timers.
[[0;32m  OK  [0m] Listening on UUID daemon activation socket.
[[0;32m  OK  [0m] Reached target Network is Online.
[   15.091963] cloud-init[964]: |.o  = + o o      |
[   15.108884] cloud-init[964]: |o .+ . .         |
[   15.109756] cloud-init[964]: |.Eoo             |
[   15.110969] cloud-init[964]: +----[SHA256]-----+
[   15.118421]          Starting iSCSI initiator daemon (iscsid)...
cloud-init[[0;32m  OK  [0m] Listening on LXD - unix socket.
[[0;32m  OK  [0m] Listening on Socket activation for snappy daemon.[964]: 
Generating public/private ecdsa key pair.
[   15.132382] [cloud-init[0;32m  OK  [0m[964]: ] Your identification has been saved in /etc/ssh/ssh_host_ecdsa_key.Reached target Sockets.

[[0;32m  OK  [0m] Reached target Basic System.
[   15.133586] cloud-init[964]: Your public key has been saved in /etc/ssh/ssh_host_ecdsa_key.pub.
[   15.152182] cloud-init[964]: The key fingerprint is:
[   15.160355] [[0;32m  OK  [0m] Started ACPI event daemon.
cloud-init[964]: SHA256:yQvhF8AaRDjphOS68kNfB698cgA9D4UAIo4siZ9l/jg root@ubuntu-xenial
[   15.168400] cloud-init[[0;32m  OK  [0m] Started FUSE filesystem for LXC.
[964]: The key's randomart image is:
[   15.169826]          Starting Accounts Service...
cloud-init[964]: +---[ECDSA 256]---+
[   15.171434]          Starting System Logging Service...
cloud-init[964]: |+o.*+o..         |
[   15.172994] cloud-init[964]: |Oo= . o..        |
[   15.174626]          cloud-initStarting Pollinate to seed the pseudo random number generator...
[964]: |=* .o+...        |
[   15.177774] cloud-init[964]: |o..=o.=o o       |
         Starting Login Service...
         Starting LSB: MD monitoring daemon...
[   15.184600] cloud-init[964]: |. o ..o*S        |
[   15.188624] cloud-init[964]: | ..  ooo+.       |
[   15.188701] cloud-init[964]: |o. .Eo.+.        |
         Starting LSB: Record successful boot for GRUB...
         Starting /etc/rc.local Compatibility...
[   15.191914] cloud-init[964]: |... ..+ o        |
[   15.207343] cloud-init[964]: |  ..   +         |
[[0;32m  OK  [0m] Started Regular background program processing daemon.
         Starting Virtualbox guest utils...
[   15.209559] cloud-init         Starting LXD - container startup/shutdown...
[[0;32m  OK  [0m] Started D-Bus System Message Bus.
[964]: +----[SHA256]-----+
[   15.228545] cloud-init[964]: Generating public/private ed25519 key pair.
[   15.236335] cloud-init[964]: Your identification has been saved in /etc/ssh/ssh_host_ed25519_key.
[   15.244265] cloud-init[964]: Your public key has been saved in /etc/ssh/ssh_host_ed25519_key.pub.
[   15.245562] cloud-init[964]: The key fingerprint is:
[   15.252352] cloud-init[964]: SHA256:yFQPwA1SSSPQQEQ/dSGSi2Fs8oYE+HNG7pcLvNv8Pck root@ubuntu-xenial
[   15.260702] cloud-init[964]: The key's randomart image is:
[   15.262146] cloud-init[964]: +--[ED25519 256]--+
[   15.268283] cloud-init[964]: |+=*++=O==.       |
[   15.276241] cloud-init[964]: |o.=.+=o=.o       |
[   15.284546] cloud-init[964]: |.B =o..   .      |
[   15.292293] cloud-init[964]: |. * =+ .         |
[   15.300273] cloud-init[964]: | . *  o.S        |
[   15.308344] cloud-init[964]: |    + o          |
[   15.309078] cloud-init[964]: |     + . . .     |
[   15.316572] cloud-init[964]: |    .o.  .E      |
[   15.324736] cloud-init[964]: |    ..o.. ..     |
[   15.332442] cloud-init[964]: +----[SHA256]-----+
         Starting Snap Daemon...
[[0;32m  OK  [0m] Started Deferred execution scheduler.
[[0;32m  OK  [0m] Started System Logging Service.
[[0;32m  OK  [0m] Started /etc/rc.local Compatibility.
[[0;32m  OK  [0m] Started Login Service.
[[0;32m  OK  [0m] Started Unattended Upgrades Shutdown.
[[0;32m  OK  [0m] Started iSCSI initiator daemon (iscsid).
         Starting Authenticate and Authorize Users to Run Privileged Tasks...
         Starting Login to default iSCSI targets...
[[0;32m  OK  [0m] Started LSB: Record successful boot for GRUB.
[[0;32m  OK  [0m] Started LSB: MD monitoring daemon.
[[0;32m  OK  [0m] Started Login to default iSCSI targets.
[[0;32m  OK  [0m] Reached target Remote File Systems (Pre).
[[0;32m  OK  [0m] Reached target Remote File Systems.
         Starting Permit User Sessions...
         Starting LSB: Set the CPU Frequency Scaling governor to "ondemand"...
         Starting LSB: daemon to balance interrupts for SMP systems...
         Starting LSB: automatic crash report generation...
[[0;32m  OK  [0m] Started Permit User Sessions.
[[0;32m  OK  [0m] Started Authenticate and Authorize Users to Run Privileged Tasks.
[[0;32m  OK  [0m] Started Accounts Service.
         Starting Hold until boot process finishes up...
         Starting Terminate Plymouth Boot Screen...
[[0;32m  OK  [0m] Started LSB: Set the CPU Frequency Scaling governor to "ondemand".
[[0;32m  OK  [0m] Started Virtualbox guest utils.
[[0;32m  OK  [0m] Started Hold until boot process finishes up.
[[0;32m  OK  [0m] Started LSB: daemon to balance interrupts for SMP systems.
[[0;32m  OK  [0m] Started Terminate Plymouth Boot Screen.
[[0;32m  OK  [0m] Started Serial Getty on ttyS0.
[[0;32m  OK  [0m] Started Getty on tty1.
[[0;32m  OK  [0m] Reached target Login Prompts.
         Starting Set console scheme...
[[0;32m  OK  [0m] Started LSB: automatic crash report generation.
[[0;32m  OK  [0m] Started Set console scheme.
[[0;32m  OK  [0m] Started LXD - container startup/shutdown.
[[0;32m  OK  [0m] Started Snap Daemon.
         Starting Wait until snapd is fully seeded...
[[0;32m  OK  [0m] Started Pollinate to seed the pseudo random number generator.
         Starting OpenBSD Secure Shell server...
[[0;32m  OK  [0m] Started OpenBSD Secure Shell server.
[[0;32m  OK  [0m] Created slice User Slice of vagrant.
         Starting User Manager for UID 1000...
[[0;32m  OK  [0m] Started Session 1 of user vagrant.
[[0;32m  OK  [0m] Started User Manager for UID 1000.
[[0;32m  OK  [0m] Started Session 2 of user vagrant.
[[0;32m  OK  [0m] Started Wait until snapd is fully seeded.
[[0;32m  OK  [0m] Reached target Multi-User System.
[[0;32m  OK  [0m] Reached target Graphical Interface.
         Starting Update UTMP about System Runlevel Changes...
         Starting Apply the settings specified in cloud-config...
[[0;32m  OK  [0m] Started Update UTMP about System Runlevel Changes.
[   19.847610] cloud-init[1568]: Generating locales (this might take a while)...
         Starting Hostname Service...
[[0;32m  OK  [0m] Started Hostname Service.
[[0;32m  OK  [0m] Stopped ifup for enp0s3.
[[0;32m  OK  [0m] Started ifup for enp0s3.
[[0;32m  OK  [0m] Stopped ifup for enp0s8.
[[0;32m  OK  [0m] Started ifup for enp0s8.
[   20.656029] cloud-init[1568]:   en_US.UTF-8... done
[   20.664332] cloud-init[1568]: Generation complete.
[   21.151522] cloud-init[1568]: Cloud-init v. 20.2-45-g5f7825e2-0ubuntu1~16.04.1 running 'modules:config' at Wed, 12 Aug 2020 01:12:54 +0000. Up 19.71 seconds.
ci-info: no authorized SSH keys fingerprints found for user ubuntu.
<14>Aug 12 01:12:56 ec2: 
<14>Aug 12 01:12:56 ec2: #############################################################
<14>Aug 12 01:12:56 ec2: -----BEGIN SSH HOST KEY FINGERPRINTS-----
<14>Aug 12 01:12:56 ec2: 1024 SHA256:1C/0imgHo0UWc5/ZCRBkmule+dAiDSNVILEub6Y7GOo root@ubuntu-xenial (DSA)
<14>Aug 12 01:12:56 ec2: 256 SHA256:yQvhF8AaRDjphOS68kNfB698cgA9D4UAIo4siZ9l/jg root@ubuntu-xenial (ECDSA)
<14>Aug 12 01:12:56 ec2: 256 SHA256:yFQPwA1SSSPQQEQ/dSGSi2Fs8oYE+HNG7pcLvNv8Pck root@ubuntu-xenial (ED25519)
<14>Aug 12 01:12:56 ec2: 2048 SHA256:Xl27ZmEmkerRadQc+6h+30K8DZRdA9WbFTi9QyeOeo4 root@ubuntu-xenial (RSA)
<14>Aug 12 01:12:56 ec2: -----END SSH HOST KEY FINGERPRINTS-----
<14>Aug 12 01:12:56 ec2: #############################################################
-----BEGIN SSH HOST KEY KEYS-----
ecdsa-sha2-nistp256 AAAAE2VjZHNhLXNoYTItbmlzdHAyNTYAAAAIbmlzdHAyNTYAAABBBOnb4tveiT/wF+Fv4QY8YPtztHAi2mvK6pyjG6yNmPKO672ZH+MDpiWb6UGt6wJ/3JOerQpIU3N2nokIxhWmgwU= root@ubuntu-xenial
ssh-ed25519 AAAAC3NzaC1lZDI1NTE5AAAAIPTl+JLcOvOJ8bpVqlyYwRf/BpmrwDLQprP5REHe5SRG root@ubuntu-xenial
ssh-rsa AAAAB3NzaC1yc2EAAAADAQABAAABAQDkOi9qmVH6EuPnecAyxG6G16CnQtOYy1uUQSc4i+URigdNVchcWFkmP9V7W4h52a6Ob/IlXmwhtm9d2OguvgnZq3/2Dq4bBreOLOPo0vSxLy/2wjKciU4oEVVCCv9JyXmbA/MAtuPKS81OHzp46tdNhh0yOaJGUXR/Hc/KITvwu9fnY1hylwLqLRevqrW+MZdNxJK+uIrAzH9UdNVSz5tOndGzQU+f7m+25Z5CnGQFHQyYWFA39CdyEWxIgGl8mP5Vtd/O7M4jW/PkIFjmwdJy3lieSeEOuzGgfZvXwS7P/AntewxNEBFL0moNlEXiEcm0mG721GYFRAYZ0ULGwRop root@ubuntu-xenial
-----END SSH HOST KEY KEYS-----
[   21.580129] cloud-init[1904]: Cloud-init v. 20.2-45-g5f7825e2-0ubuntu1~16.04.1 running 'modules:final' at Wed, 12 Aug 2020 01:12:56 +0000. Up 21.44 seconds.
[   21.580322] cloud-init[1904]: ci-info: no authorized SSH keys fingerprints found for user ubuntu.
[   21.580972] cloud-init[1904]: Cloud-init v. 20.2-45-g5f7825e2-0ubuntu1~16.04.1 finished at Wed, 12 Aug 2020 01:12:56 +0000. Datasource DataSourceNoCloud [seed=/dev/sdb][dsmode=net].  Up 21.57 seconds

Ubuntu 16.04.6 LTS web ttyS0

web login: 